// Jest Snapshot v1, https://goo.gl/fbAQLP

exports[`ExportButton snapshot 1`] = `
<button
  aria-describedby={null}
  className="MuiButtonBase-root MuiIconButton-root MuiIconButton-sizeSmall"
  disabled={false}
  onBlur={[Function]}
  onClick={[Function]}
  onDragLeave={[Function]}
  onFocus={[Function]}
  onKeyDown={[Function]}
  onKeyUp={[Function]}
  onMouseDown={[Function]}
  onMouseLeave={[Function]}
  onMouseOver={[Function]}
  onMouseUp={[Function]}
  onTouchEnd={[Function]}
  onTouchMove={[Function]}
  onTouchStart={[Function]}
  tabIndex={0}
  title={null}
  type="button"
>
  <span
    className="MuiIconButton-label"
  >
    <svg
      aria-hidden="true"
      className="MuiSvgIcon-root"
      focusable="false"
      viewBox="0 0 24 24"
    >
      <path
        d="M19 9h-4V3H9v6H5l7 7 7-7zM5 18v2h14v-2H5z"
      />
    </svg>
  </span>
  <span
    className="MuiTouchRipple-root"
  />
</button>
`;
